{
    "code": 1008, 
    "message": "A general internal error has occurred."
}